/Users/dalang/Downloads/Java/Java项目/course/src/main/java/yiming/chris/GrabCourses/redis/StudentKey.java
/Users/dalang/Downloads/Java/Java项目/course/src/main/java/yiming/chris/GrabCourses/service/SecKillService.java
/Users/dalang/Downloads/Java/Java项目/course/src/main/java/yiming/chris/GrabCourses/utils/ValidateSaltUtil.java
/Users/dalang/Downloads/Java/Java项目/course/src/main/java/yiming/chris/GrabCourses/dao/CoursesDao.java
/Users/dalang/Downloads/Java/Java项目/course/src/main/java/yiming/chris/GrabCourses/domain/Courses.java
/Users/dalang/Downloads/Java/Java项目/course/src/main/java/yiming/chris/GrabCourses/MainApplication.java
/Users/dalang/Downloads/Java/Java项目/course/src/main/java/yiming/chris/GrabCourses/redis/AccessLimitKey.java
/Users/dalang/Downloads/Java/Java项目/course/src/main/java/yiming/chris/GrabCourses/controller/user/RegisterController.java
/Users/dalang/Downloads/Java/Java项目/course/src/main/java/yiming/chris/GrabCourses/annotation/AccessLimit.java
/Users/dalang/Downloads/Java/Java项目/course/src/main/java/yiming/chris/GrabCourses/redis/KeyPrefix.java
/Users/dalang/Downloads/Java/Java项目/course/src/main/java/yiming/chris/GrabCourses/domain/Student.java
/Users/dalang/Downloads/Java/Java项目/course/src/main/java/yiming/chris/GrabCourses/context/UserContext.java
/Users/dalang/Downloads/Java/Java项目/course/src/main/java/yiming/chris/GrabCourses/redis/OrderKey.java
/Users/dalang/Downloads/Java/Java项目/course/src/main/java/yiming/chris/GrabCourses/config/RedisConfig.java
/Users/dalang/Downloads/Java/Java项目/course/src/main/java/yiming/chris/GrabCourses/utils/MD5Util.java
/Users/dalang/Downloads/Java/Java项目/course/src/main/java/yiming/chris/GrabCourses/vo/CoursesVO.java
/Users/dalang/Downloads/Java/Java项目/course/src/main/java/yiming/chris/GrabCourses/domain/OrderInfo.java
/Users/dalang/Downloads/Java/Java项目/course/src/main/java/yiming/chris/GrabCourses/result/ServerResponse.java
/Users/dalang/Downloads/Java/Java项目/course/src/main/java/yiming/chris/GrabCourses/controller/user/LoginController.java
/Users/dalang/Downloads/Java/Java项目/course/src/main/java/yiming/chris/GrabCourses/config/RabbitMQConfig.java
/Users/dalang/Downloads/Java/Java项目/course/src/main/java/yiming/chris/GrabCourses/service/StudentService.java
/Users/dalang/Downloads/Java/Java项目/course/src/main/java/yiming/chris/GrabCourses/controller/courses/CoursesController.java
/Users/dalang/Downloads/Java/Java项目/course/src/main/java/yiming/chris/GrabCourses/domain/SecKillCourses.java
/Users/dalang/Downloads/Java/Java项目/course/src/main/java/yiming/chris/GrabCourses/controller/courses/SecKillController.java
/Users/dalang/Downloads/Java/Java项目/course/src/main/java/yiming/chris/GrabCourses/mq/MQSender.java
/Users/dalang/Downloads/Java/Java项目/course/src/main/java/yiming/chris/GrabCourses/redis/CoursesKey.java
/Users/dalang/Downloads/Java/Java项目/course/src/main/java/yiming/chris/GrabCourses/dao/StudentDao.java
/Users/dalang/Downloads/Java/Java项目/course/src/main/java/yiming/chris/GrabCourses/mq/MQReceiver.java
/Users/dalang/Downloads/Java/Java项目/course/src/main/java/yiming/chris/GrabCourses/domain/SecKillOrder.java
/Users/dalang/Downloads/Java/Java项目/course/src/main/java/yiming/chris/GrabCourses/exception/GlobalException.java
/Users/dalang/Downloads/Java/Java项目/course/src/main/java/yiming/chris/GrabCourses/result/CodeMsg.java
/Users/dalang/Downloads/Java/Java项目/course/src/main/java/yiming/chris/GrabCourses/message/SecKillMessage.java
/Users/dalang/Downloads/Java/Java项目/course/src/main/java/yiming/chris/GrabCourses/interceptor/AccessInterceptor.java
/Users/dalang/Downloads/Java/Java项目/course/src/main/java/yiming/chris/GrabCourses/dao/OrderDao.java
/Users/dalang/Downloads/Java/Java项目/course/src/main/java/yiming/chris/GrabCourses/redis/BasePrefix.java
/Users/dalang/Downloads/Java/Java项目/course/src/main/java/yiming/chris/GrabCourses/utils/UUIDUtil.java
/Users/dalang/Downloads/Java/Java项目/course/src/main/java/yiming/chris/GrabCourses/exception/GlobalExceptionHandler.java
/Users/dalang/Downloads/Java/Java项目/course/src/main/java/yiming/chris/GrabCourses/service/CoursesService.java
/Users/dalang/Downloads/Java/Java项目/course/src/main/java/yiming/chris/GrabCourses/service/OrderService.java
/Users/dalang/Downloads/Java/Java项目/course/src/main/java/yiming/chris/GrabCourses/config/WebConfig.java
/Users/dalang/Downloads/Java/Java项目/course/src/main/java/yiming/chris/GrabCourses/resolver/UserArgumentResolver.java
/Users/dalang/Downloads/Java/Java项目/course/src/main/java/yiming/chris/GrabCourses/vo/LoginInfoVO.java
